[Bootstrap]
SetupTitle=Install
SetupText=Copying Files, please stand by.
CabFile=W3Runner.CAB
Spawn=Setup1.exe
Uninstal=st6unst.exe
TmpDir=msftqws.pdw
Cabs=1

[Bootstrap Files]
File1=@VB6STKIT.DLL,$(WinSysPathSysFile),,,3/26/99 1:00:00 AM,101888,6.0.84.50
File2=@COMCAT.DLL,$(WinSysPathSysFile),$(DLLSelfRegister),,5/31/98 1:00:00 AM,22288,4.71.1460.1
File3=@STDOLE2.TLB,$(WinSysPathSysFile),$(TLBRegister),,6/3/99 1:00:00 AM,17920,2.40.4275.1
File4=@ASYCFILT.DLL,$(WinSysPathSysFile),,,3/8/99 1:00:00 AM,147728,2.40.4275.1
File5=@OLEPRO32.DLL,$(WinSysPathSysFile),$(DLLSelfRegister),,3/8/99 1:00:00 AM,164112,5.0.4275.1
File6=@OLEAUT32.DLL,$(WinSysPathSysFile),$(DLLSelfRegister),,4/12/00 1:00:00 AM,598288,2.40.4275.1
File7=@MSVBVM60.DLL,$(WinSysPathSysFile),$(DLLSelfRegister),,8/21/00 1:00:00 AM,1388544,6.0.89.64

[IconGroups]
Group0=W3Runner
PrivateGroup0=-1
Parent0=$(Programs)

[W3Runner]
Icon1="W3Runner.exe"
Title1=W3Runner
StartIn1=$(AppPath)

[Setup]
Title=W3Runner 2.0.3
DefaultDir=$(ProgramFiles)\W3Runner
AppExe=W3Runner.exe
AppToUninstall=W3Runner.exe

[Setup1 Files]
File1=@CCOMObjectUnitTest.vbs,$(AppPath)\Extensions,,,3/11/02 11:12:58 PM,6441,0.0.0.0
File2=@CLogFile.vbs,$(AppPath)\Extensions,,,4/7/02 1:56:16 PM,2541,0.0.0.0
File3=@W3RunnerRT.exe,$(AppPath),,,4/7/02 2:44:41 PM,880640,2.0.0.3
File4=@w3runner.url.history.txt,$(AppPath),,,12/11/01 11:50:20 PM,0,0.0.0.0
File5=@CHttpSoapTest.vbs,$(AppPath)\Extensions,,,1/22/02 11:08:52 PM,4238,0.0.0.0
File6=@CMSSoapSDKTest.vbs,$(AppPath)\Extensions,,,1/22/02 11:08:52 PM,6029,0.0.0.0
File7=@CTestReport.vbs,$(AppPath)\Extensions,,,1/22/02 11:08:52 PM,5806,0.0.0.0
File8=@esc.dll,$(AppPath),$(DLLSelfRegister),,3/11/01 2:51:12 PM,45056,1.5.0.0
File9=@CRandomDataGenerator.vbs,$(AppPath)\Extensions,,,1/27/02 2:59:54 PM,4679,0.0.0.0
File10=@CDemoLib.vbs,$(AppPath)\Extensions,,,1/22/02 11:08:52 PM,5384,0.0.0.0
File11=@HowToUseACollection.vbs,$(AppPath)\Extensions,,,1/22/02 11:08:52 PM,1762,0.0.0.0
File12=@HowToUseExtensionFromVBScript.vbs,$(AppPath)\Extensions,,,1/22/02 11:08:52 PM,2010,0.0.0.0
File13=@CFIFO.vbs,$(AppPath)\Extensions,,,4/5/02 3:50:38 PM,2644,0.0.0.0
File14=@CDB.vbs,$(AppPath)\Extensions,,,1/31/02 10:43:50 PM,7258,0.0.0.0
File15=@W3Runner.dll,$(AppPath),$(DLLSelfRegister),,4/7/02 2:44:08 PM,405555,2.0.0.3
File16=@ReleaseNotes.htm,$(AppPath),,,4/7/02 1:55:04 AM,11076,0.0.0.0
File17=@CCSVFile.vbs,$(AppPath)\Extensions,,,4/5/02 4:44:12 PM,11353,0.0.0.0
File18=@W3Runner.chm,$(AppPath)\help,,,4/5/02 5:08:48 PM,429324,0.0.0.0
File19=@w3runner.welcome.htm,$(AppPath),,,2/8/02 10:20:40 PM,5124,0.0.0.0
File20=@w3Runner.vbs,$(AppPath),,,1/31/02 10:54:34 AM,16576,0.0.0.0
File21=@w3runner.ini,$(AppPath),,,3/26/02 7:39:40 PM,754,0.0.0.0
File22=@tabctl32.ocx,$(WinSysPath),$(DLLSelfRegister),$(Shared),12/6/00 1:00:00 AM,209608,6.0.90.43
File23=@mscomctl.ocx,$(WinSysPath),$(DLLSelfRegister),$(Shared),8/14/01 11:52:54 PM,1066176,6.0.88.62
File24=@comdlg32.ocx,$(WinSysPath),$(DLLSelfRegister),$(Shared),5/7/99 12:00:00 AM,140288,6.0.84.18
File25=@msscript.ocx,$(WinSysPath),$(DLLSelfRegister),$(Shared),12/7/99 8:00:00 AM,106547,1.0.0.4615
File26=@W3Runner.exe,$(AppPath),,,4/7/02 2:46:53 PM,1695744,2.0.0.3

; The following lines may be deleted in order to obtain extra 
; space for customizing this file on a full installation diskette.
; 
; XXXXXXXXXXXXXXXXXXXXXXXXXXXXXXXXXXXXXXXXXXXXXXXXXXXXXXXXXXXX
; XXXXXXXXXXXXXXXXXXXXXXXXXXXXXXXXXXXXXXXXXXXXXXXXXXXXXXXXXXXX
; XXXXXXXXXXXXXXXXXXXXXXXXXXXXXXXXXXXXXXXXXXXXXXXXXXXXXXXXXXXX
; XXXXXXXXXXXXXXXXXXXXXXXXXXXXXXXXXXXXXXXXXXXXXXXXXXXXXXXXXXXX
; XXXXXXXXXXXXXXXXXXXXXXXXXXXXXXXXXXXXXXXXXXXXXXXXXXXXXXXXXXXX
; XXXXXXXXXXXXXXXXXXXXXXXXXXXXXXXXXXXXXXXXXXXXXXXXXXXXXXXXXXXX
; XXXXXXXXXXXXXXXXXXXXXXXXXXXXXXXXXXXXXXXXXXXXXXXXXXXXXXXXXXXX
; XXXXXXXXXXXXXXXXXXXXXXXXXXXXXXXXXXXXXXXXXXXXXXXXXXXXXXXXXXXX
; XXXXXXXXXXXXXXXXXXXXXXXXXXXXXXXXXXXXXXXXXXXXXXXXXXXXXXXXXXXX
; XXXXXXXXXXXXXXXXXXXXXXXXXXXXXXXXXXXXXXXXXXXXXXXXXXXXXXXXXXXX
; XXXXXXXXXXXXXXXXXXXXXXXXXXXXXXXXXXXXXXXXXXXXXXXXXXXXXXXXXXXX
; XXXXXXXXXXXXXXXXXXXXXXXXXXXXXXXXXXXXXXXXXXXXXXXXXXXXXXXXXXXX
; XXXXXXXXXXXXXXXXXXXXXXXXXXXXXXXXXXXXXXXXXXXXXXXXXXXXXXXXXXXX
; XXXXXXXXXXXXXXXXXXXXXXXXXXXXXXXXXXXXXXXXXXXXXXXXXXXXXXXXXXXX
; XXXXXXXXXXXXXXXXXXXXXXXXXXXXXXXXXXXXXXXXXXXXXXXXXXXXXXXXXXXX
; XXXXXXXXXXXXXXXXXXXXXXXXXXXXXXXXXXXXXXXXXXXXXXXXXXXXXXXXXXXX
; XXXXXXXXXXXXXXXXXXXXXXXXXXXXXXXXXXXXXXXXXXXXXXXXXXXXXXXXXXXX
; XXXXXXXXXXXXXXXXXXXXXXXXXXXXXXXXXXXXXXXXXXXXXXXXXXXXXXXXXXXX
; XXXXXXXXXXXXXXXXXXXXXXXXXXXXXXXXXXXXXXXXXXXXXXXXXXXXXXXXXXXX
; XXXXXXXXXXXXXXXXXXXXXXXXXXXXXXXXXXXXXXXXXXXXXXXXXXXXXXXXXXXX
; XXXXXXXXXXXXXXXXXXXXXXXXXXXXXXXXXXXXXXXXXXXXXXXXXXXXXXXXXXXX
; XXXXXXXXXXXXXXXXXXXXXXXXXXXXXXXXXXXXXXXXXXXXXXXXXXXXXXXXXXXX
; XXXXXXXXXXXXXXXXXXXXXXXXXXXXXXXXXXXXXXXXXXXXXXXXXXXXXXXXXXXX
; XXXXXXXXXXXXXXXXXXXXXXXXXXXXXXXXXXXXXXXXXXXXXXXXXXXXXXXXXXXX
; XXXXXXXXXXXXXXXXXXXXXXXXXXXXXXXXXXXXXXXXXXXXXXXXXXXXXXXXXXXX
; XXXXXXXXXXXXXXXXXXXXXXXXXXXXXXXXXXXXXXXXXXXXXXXXXXXXXXXXXXXX
; XXXXXXXXXXXXXXXXXXXXXXXXXXXXXXXXXXXXXXXXXXXXXXXXXXXXXXXXXXXX
; XXXXXXXXXXXXXXXXXXXXXXXXXXXXXXXXXXXXXXXXXXXXXXXXXXXXXXXXXXXX
; XXXXXXXXXXXXXXXXXXXXXXXXXXXXXXXXXXXXXXXXXXXXXXXXXXXXXXXXXXXX
; XXXXXXXXXXXXXXXXXXXXXXXXXXXXXXXXXXXXXXXXXXXXXXXXXXXXXXXXXXXX
; XXXXXXXXXXXXXXXXXXXXXXXXXXXXXXXXXXXXXXXXXXXXXXXXXXXXXXXXXXXX
; XXXXXXXXXXXXXXXXXXXXXXXXXXXXXXXXXXXXXXXXXXXXXXXXXXXXXXXXXXXX
; XXXXXXXXXXXXXXXXXXXXXXXXXXXXXXXXXXXXXXXXXXXXXXXXXXXXXXXXXXXX
; XXXXXXXXXXXXXXXXXXXXXXXXXXXXXXXXXXXXXXXXXXXXXXXXXXXXXXXXXXXX
; XXXXXXXXXXXXXXXXXXXXXXXXXXXXXXXXXXXXXXXXXXXXXXXXXXXXXXXXXXXX
